
*** Running vivado
    with args -log system.vdi -applog -m64 -product Vivado -messageDb vivado.pb -mode batch -source system.tcl -notrace

INFO: [Common 17-3922] A valid Vivado Design Suite BASIC license has been detected. Your current license is active and will expire on 22-aug-2027.
#-----------------------------------------------------------
# Vivado v2026.1 (64-bit)
# SW Build 6511674 on Tue Jun 16 11:01:26 MDT 2026
# IP Build 6504888 on Tue Jun 09 09:05:25 MDT 2026
# SharedData Build 6501428 on Mon Jun 08 17:34:18 MDT 2026
# Start of session at: Sun Oct  4 13:28:31 2026
# Process ID         : 977144
# Current directory  : /mnt/Windows/Well/Projects/EE Core/RV32I/RV32I.runs/impl_1
# Command line       : vivado -log system.vdi -applog -product Vivado -messageDb vivado.pb -mode batch -source system.tcl -notrace
# Log file           : /mnt/Windows/Well/Projects/EE Core/RV32I/RV32I.runs/impl_1/system.vdi
# Journal file       : /mnt/Windows/Well/Projects/EE Core/RV32I/RV32I.runs/impl_1/vivado.jou
# Running On         : localhost.localdomain
# Platform           : rocky
# Operating System   : Rocky Linux 10.2 (Red Quartz)"
RELEASE_TYPE="stable
# Processor Detail   : 13th Gen Intel(R) Core(TM) i5-13500H
# CPU Frequency      : 603.435 MHz
# CPU Physical cores : 12
# CPU Logical cores  : 16
# Host memory        : 14107 MB
# Swap memory        : 8589 MB
# Total Virtual      : 22697 MB
# Available Virtual  : 6646 MB
#-----------------------------------------------------------

****** Vivado v2026.1 (64-bit)
  **** SW Build 6511674 on Tue Jun 16 11:01:26 MDT 2026
  **** IP Build 6504888 on Tue Jun 09 09:05:25 MDT 2026
  **** SharedData Build 6501428 on Mon Jun 08 17:34:18 MDT 2026
  **** Start of session at: Sun Oct  4 13:28:31 2026
    ** Copyright 1986-2022 Xilinx, Inc. All Rights Reserved.
    ** Copyright 2022-2026 Advanced Micro Devices, Inc. All Rights Reserved.

source system.tcl -notrace
Command: link_design -top system -part xc7k325tfbv900-3
Design is defaulting to srcset: sources_1
Design is defaulting to constrset: constrs_1
INFO: [Device 21-403] Loading part xc7k325tfbv900-3
Netlist sorting complete. Time (s): cpu = 00:00:00 ; elapsed = 00:00:00.01 . Memory (MB): peak = 2146.367 ; gain = 0.000 ; free physical = 1367 ; free virtual = 5670
INFO: [Netlist 29-17] Analyzing 327 Unisim elements for replacement
INFO: [Netlist 29-28] Unisim Transformation completed in 0 CPU seconds
INFO: [Project 1-479] Netlist was created with Vivado 2026.1
INFO: [Project 1-570] Preparing netlist for logic optimization
Parsing XDC File [/mnt/Windows/Well/Projects/EE Core/RV32I/RV32I.srcs/constrs_1/new/clk.xdc]
Finished Parsing XDC File [/mnt/Windows/Well/Projects/EE Core/RV32I/RV32I.srcs/constrs_1/new/clk.xdc]
INFO: [Opt 31-138] Pushed 0 inverter(s) to 0 load pin(s).
Netlist sorting complete. Time (s): cpu = 00:00:00 ; elapsed = 00:00:00.01 . Memory (MB): peak = 2289.848 ; gain = 0.000 ; free physical = 1232 ; free virtual = 5536
INFO: [Project 1-111] Unisim Transformation Summary:
  A total of 218 instances were transformed.
  RAM128X1D => RAM128X1D (MUXF7(x2), RAMD64E(x4)): 48 instances
  RAM32M => RAM32M (RAMD32(x6), RAMS32(x2)): 10 instances
  RAM32X1D => RAM32X1D (RAMD32(x2)): 4 instances
  RAM64M => RAM64M (RAMD64E(x4)): 44 instances
  RAM64X1S => RAM64X1S (RAMS64E): 112 instances

lscpu: bad usage
Try 'lscpu --help' for more information.
7 Infos, 0 Warnings, 0 Critical Warnings and 0 Errors encountered.
link_design completed successfully
Command: opt_design
Attempting to get a license for feature 'Vivado_Implementation' and/or device 'xc7k325t'
INFO: [Common 17-349] Got license for feature 'Vivado_Implementation' and/or device 'xc7k325t'
Running DRC as a precondition to command opt_design

Starting DRC Task
INFO: [DRC 23-27] Running DRC with 8 threads
INFO: [Project 1-461] DRC finished with 0 Errors
INFO: [Project 1-462] Please refer to the DRC report (report_drc) for more information.

Time (s): cpu = 00:00:00.42 ; elapsed = 00:00:00.21 . Memory (MB): peak = 2470.355 ; gain = 180.473 ; free physical = 1176 ; free virtual = 5482

Starting Cache Timing Information Task
INFO: [Timing 38-35] Done setting XDC timing constraints.
Ending Cache Timing Information Task | Checksum: 28e1131ae

Time (s): cpu = 00:00:03 ; elapsed = 00:00:03 . Memory (MB): peak = 2932.363 ; gain = 462.008 ; free physical = 708 ; free virtual = 5023

Starting Logic Optimization Task

Phase 1 Initialization

Phase 1.1 Core Generation And Design Setup
Phase 1.1 Core Generation And Design Setup | Checksum: 28e1131ae

Time (s): cpu = 00:00:00 ; elapsed = 00:00:00 . Memory (MB): peak = 3344.160 ; gain = 0.000 ; free physical = 208 ; free virtual = 4524

Phase 1.2 Setup Constraints And Sort Netlist
Phase 1.2 Setup Constraints And Sort Netlist | Checksum: 28e1131ae

Time (s): cpu = 00:00:00 ; elapsed = 00:00:00 . Memory (MB): peak = 3344.160 ; gain = 0.000 ; free physical = 208 ; free virtual = 4524
Phase 1 Initialization | Checksum: 28e1131ae

Time (s): cpu = 00:00:00 ; elapsed = 00:00:00 . Memory (MB): peak = 3344.160 ; gain = 0.000 ; free physical = 208 ; free virtual = 4524

Phase 2 Timer Update And Timing Data Collection

Phase 2.1 Detect if minReqCache needed
Phase 2.1 Detect if minReqCache needed | Checksum: 28e1131ae

Time (s): cpu = 00:00:00.01 ; elapsed = 00:00:00.01 . Memory (MB): peak = 3344.160 ; gain = 0.000 ; free physical = 208 ; free virtual = 4524

Phase 2.2 Timer Update
Phase 2.2 Timer Update | Checksum: 28e1131ae

Time (s): cpu = 00:00:00.13 ; elapsed = 00:00:00.04 . Memory (MB): peak = 3344.160 ; gain = 0.000 ; free physical = 216 ; free virtual = 4532

Phase 2.3 Timing Data Collection
Phase 2.3 Timing Data Collection | Checksum: 28e1131ae

Time (s): cpu = 00:00:00.13 ; elapsed = 00:00:00.04 . Memory (MB): peak = 3344.160 ; gain = 0.000 ; free physical = 216 ; free virtual = 4531
Phase 2 Timer Update And Timing Data Collection | Checksum: 28e1131ae

Time (s): cpu = 00:00:00.13 ; elapsed = 00:00:00.04 . Memory (MB): peak = 3344.160 ; gain = 0.000 ; free physical = 216 ; free virtual = 4531

Phase 3 Retarget
INFO: [Opt 31-1851] Number of loadless carry chains removed were: 0
INFO: [Opt 31-1834] Total Chains To Be Transformed Were: 0 AND Number of Transformed insts Created are: 0
INFO: [Opt 31-1566] Pulled 22 inverters resulting in an inversion of 129 pins
INFO: [Opt 31-138] Pushed 0 inverter(s) to 0 load pin(s).
INFO: [Opt 31-49] Retargeted 0 cell(s).
Phase 3 Retarget | Checksum: 12d9d3335

Time (s): cpu = 00:00:00.22 ; elapsed = 00:00:00.07 . Memory (MB): peak = 3344.160 ; gain = 0.000 ; free physical = 219 ; free virtual = 4534
Retarget | Checksum: 12d9d3335
INFO: [Opt 31-389] Phase Retarget created 0 cells and removed 39 cells

Phase 4 Constant propagation
INFO: [Opt 31-138] Pushed 0 inverter(s) to 0 load pin(s).
Phase 4 Constant propagation | Checksum: 1b61eefb2

Time (s): cpu = 00:00:00.23 ; elapsed = 00:00:00.08 . Memory (MB): peak = 3344.160 ; gain = 0.000 ; free physical = 218 ; free virtual = 4534
Constant propagation | Checksum: 1b61eefb2
INFO: [Opt 31-389] Phase Constant propagation created 0 cells and removed 0 cells

Phase 5 Sweep
INFO: [Constraints 18-11670] Building netlist checker database with flags, 0x8
Done building netlist checker database: Time (s): cpu = 00:00:00 ; elapsed = 00:00:00 . Memory (MB): peak = 3344.160 ; gain = 0.000 ; free physical = 218 ; free virtual = 4534
INFO: [Constraints 18-11670] Building netlist checker database with flags, 0x8
Done building netlist checker database: Time (s): cpu = 00:00:00 ; elapsed = 00:00:00.01 . Memory (MB): peak = 3344.160 ; gain = 0.000 ; free physical = 220 ; free virtual = 4535
Phase 5 Sweep | Checksum: ee3a462f

Time (s): cpu = 00:00:00.24 ; elapsed = 00:00:00.1 . Memory (MB): peak = 3344.160 ; gain = 0.000 ; free physical = 220 ; free virtual = 4535
Sweep | Checksum: ee3a462f
INFO: [Opt 31-389] Phase Sweep created 0 cells and removed 0 cells

Phase 6 BUFG optimization
Phase 6 BUFG optimization | Checksum: ee3a462f

Time (s): cpu = 00:00:00.28 ; elapsed = 00:00:00.12 . Memory (MB): peak = 3376.176 ; gain = 32.016 ; free physical = 219 ; free virtual = 4535
BUFG optimization | Checksum: ee3a462f
INFO: [Opt 31-662] Phase BUFG optimization created 0 cells of which 0 are BUFGs and removed 0 cells.

Phase 7 Shift Register Optimization
INFO: [Opt 31-1064] SRL Remap converted 0 SRLs to 0 registers and converted 0 registers of register chains to 0 SRLs
Phase 7 Shift Register Optimization | Checksum: ee3a462f

Time (s): cpu = 00:00:00.28 ; elapsed = 00:00:00.13 . Memory (MB): peak = 3376.176 ; gain = 32.016 ; free physical = 219 ; free virtual = 4535
Shift Register Optimization | Checksum: ee3a462f
INFO: [Opt 31-389] Phase Shift Register Optimization created 0 cells and removed 0 cells

Phase 8 Post Processing Netlist
Phase 8 Post Processing Netlist | Checksum: ee3a462f

Time (s): cpu = 00:00:00.29 ; elapsed = 00:00:00.13 . Memory (MB): peak = 3376.176 ; gain = 32.016 ; free physical = 219 ; free virtual = 4535
Post Processing Netlist | Checksum: ee3a462f
INFO: [Opt 31-389] Phase Post Processing Netlist created 0 cells and removed 0 cells

Phase 9 Finalization

Phase 9.1 Finalizing Design Cores and Updating Shapes
Phase 9.1 Finalizing Design Cores and Updating Shapes | Checksum: 13572cc51

Time (s): cpu = 00:00:00.31 ; elapsed = 00:00:00.15 . Memory (MB): peak = 3376.176 ; gain = 32.016 ; free physical = 219 ; free virtual = 4535

Phase 9.2 Verifying Netlist Connectivity

Starting Connectivity Check Task

Time (s): cpu = 00:00:00 ; elapsed = 00:00:00 . Memory (MB): peak = 3376.176 ; gain = 0.000 ; free physical = 219 ; free virtual = 4535
Phase 9.2 Verifying Netlist Connectivity | Checksum: 13572cc51

Time (s): cpu = 00:00:00.31 ; elapsed = 00:00:00.15 . Memory (MB): peak = 3376.176 ; gain = 32.016 ; free physical = 219 ; free virtual = 4535
Phase 9 Finalization | Checksum: 13572cc51

Time (s): cpu = 00:00:00.31 ; elapsed = 00:00:00.15 . Memory (MB): peak = 3376.176 ; gain = 32.016 ; free physical = 219 ; free virtual = 4535
Opt_design Change Summary
=========================


-------------------------------------------------------------------------------------------------------------------------
|  Phase                        |  #Cells created  |  #Cells Removed  |  #Constrained objects preventing optimizations  |
-------------------------------------------------------------------------------------------------------------------------
|  Retarget                     |               0  |              39  |                                              0  |
|  Constant propagation         |               0  |               0  |                                              0  |
|  Sweep                        |               0  |               0  |                                              0  |
|  BUFG optimization            |               0  |               0  |                                              0  |
|  Shift Register Optimization  |               0  |               0  |                                              0  |
|  Post Processing Netlist      |               0  |               0  |                                              0  |
-------------------------------------------------------------------------------------------------------------------------


Ending Logic Optimization Task | Checksum: 13572cc51

Time (s): cpu = 00:00:00.31 ; elapsed = 00:00:00.15 . Memory (MB): peak = 3376.176 ; gain = 32.016 ; free physical = 219 ; free virtual = 4535

Starting Power Optimization Task
INFO: [Pwropt 34-132] Skipping clock gating for clocks with a period < 2.00 ns.
INFO: [Pwropt 34-9] Applying IDT optimizations ...
INFO: [Pwropt 34-10] Applying ODC optimizations ...
INFO: [Timing 38-35] Done setting XDC timing constraints.
Running Vector-less Activity Propagation...

Finished Running Vector-less Activity Propagation


Starting PowerOpt Patch Enables Task
INFO: [Pwropt 34-162] WRITE_MODE attribute of 0 BRAM(s) out of a total of 2 has been updated to save power. Run report_power_opt to get a complete listing of the BRAMs updated.
INFO: [Pwropt 34-201] Structural ODC has moved 0 WE to EN ports
Number of BRAM Ports augmented: 0 newly gated: 0 Total Ports: 4
Ending PowerOpt Patch Enables Task | Checksum: 13572cc51

Time (s): cpu = 00:00:00.01 ; elapsed = 00:00:00.01 . Memory (MB): peak = 3480.227 ; gain = 0.000 ; free physical = 173 ; free virtual = 4495
Ending Power Optimization Task | Checksum: 13572cc51

Time (s): cpu = 00:00:01 ; elapsed = 00:00:00.7 . Memory (MB): peak = 3480.227 ; gain = 104.051 ; free physical = 172 ; free virtual = 4494

Starting Final Cleanup Task
Ending Final Cleanup Task | Checksum: 13572cc51

Time (s): cpu = 00:00:00 ; elapsed = 00:00:00 . Memory (MB): peak = 3480.227 ; gain = 0.000 ; free physical = 172 ; free virtual = 4494
Netlist sorting complete. Time (s): cpu = 00:00:00 ; elapsed = 00:00:00 . Memory (MB): peak = 3480.227 ; gain = 0.000 ; free physical = 172 ; free virtual = 4494
INFO: [Common 17-83] Releasing license: Vivado_Implementation
34 Infos, 0 Warnings, 0 Critical Warnings and 0 Errors encountered.
opt_design completed successfully
opt_design: Time (s): cpu = 00:00:07 ; elapsed = 00:00:06 . Memory (MB): peak = 3480.227 ; gain = 1190.344 ; free physical = 172 ; free virtual = 4494
INFO: [Vivado 12-24828] Executing command : report_drc -file system_drc_opted.rpt -pb system_drc_opted.pb -rpx system_drc_opted.rpx
Command: report_drc -file system_drc_opted.rpt -pb system_drc_opted.pb -rpx system_drc_opted.rpx
INFO: [IP_Flow 19-234] Refreshing IP repositories
INFO: [IP_Flow 19-1704] No user IP repositories specified
INFO: [IP_Flow 19-2313] Loaded Vivado IP repository '/home/shadow30812/Vivado/2026.1/data/ip'.
INFO: [DRC 23-27] Running DRC with 8 threads
INFO: [Vivado_Tcl 2-168] The results of DRC are in file /mnt/Windows/Well/Projects/EE Core/RV32I/RV32I.runs/impl_1/system_drc_opted.rpt.
report_drc completed successfully
INFO: [Timing 38-480] Writing timing data to binary archive.
Write ShapeDB Complete: Time (s): cpu = 00:00:00.02 ; elapsed = 00:00:00 . Memory (MB): peak = 3480.227 ; gain = 0.000 ; free physical = 187 ; free virtual = 4518
INFO: [Common 17-1381] The checkpoint '/mnt/Windows/Well/Projects/EE Core/RV32I/RV32I.runs/impl_1/system_opt.dcp' has been generated.
Command: place_design
Attempting to get a license for feature 'Vivado_Implementation' and/or device 'xc7k325t'
INFO: [Common 17-349] Got license for feature 'Vivado_Implementation' and/or device 'xc7k325t'
INFO: [Common 17-83] Releasing license: Vivado_Implementation
INFO: [Timing 38-35] Done setting XDC timing constraints.
Running DRC as a precondition to command place_design
INFO: [DRC 23-27] Running DRC with 8 threads
INFO: [Vivado_Tcl 4-198] DRC finished with 0 Errors, 21 Warnings
INFO: [Vivado_Tcl 4-199] Please refer to the DRC report (report_drc) for more information.
INFO: [Place 30-611] Multithreading enabled for place_design using a maximum of 8 CPUs

Starting Placer Task

Phase 1 Placer Initialization

Phase 1.1 Placer Initialization Netlist Sorting
Netlist sorting complete. Time (s): cpu = 00:00:00 ; elapsed = 00:00:00 . Memory (MB): peak = 3480.227 ; gain = 0.000 ; free physical = 178 ; free virtual = 4515
Phase 1.1 Placer Initialization Netlist Sorting | Checksum: 104eea957

Time (s): cpu = 00:00:00 ; elapsed = 00:00:00 . Memory (MB): peak = 3480.227 ; gain = 0.000 ; free physical = 178 ; free virtual = 4515
Netlist sorting complete. Time (s): cpu = 00:00:00 ; elapsed = 00:00:00 . Memory (MB): peak = 3480.227 ; gain = 0.000 ; free physical = 178 ; free virtual = 4515

Phase 1.2 IO Placement/ Clock Placement/ Build Placer Device
Phase 1.2 IO Placement/ Clock Placement/ Build Placer Device | Checksum: 18f8efe29

Time (s): cpu = 00:00:00.8 ; elapsed = 00:00:00.38 . Memory (MB): peak = 3480.227 ; gain = 0.000 ; free physical = 181 ; free virtual = 4519

Phase 1.3 Build Placer Netlist Model
Phase 1.3 Build Placer Netlist Model | Checksum: 27baef48f

Time (s): cpu = 00:00:02 ; elapsed = 00:00:00.77 . Memory (MB): peak = 3480.227 ; gain = 0.000 ; free physical = 183 ; free virtual = 4520

Phase 1.4 Constrain Clocks/Macros
Phase 1.4 Constrain Clocks/Macros | Checksum: 27baef48f

Time (s): cpu = 00:00:02 ; elapsed = 00:00:00.78 . Memory (MB): peak = 3480.227 ; gain = 0.000 ; free physical = 183 ; free virtual = 4520
Phase 1 Placer Initialization | Checksum: 27baef48f

Time (s): cpu = 00:00:02 ; elapsed = 00:00:00.78 . Memory (MB): peak = 3480.227 ; gain = 0.000 ; free physical = 183 ; free virtual = 4520

Phase 2 Global Placement

Phase 2.1 Floorplanning
Phase 2.1 Floorplanning | Checksum: 2761fad51

Time (s): cpu = 00:00:02 ; elapsed = 00:00:00.92 . Memory (MB): peak = 3480.227 ; gain = 0.000 ; free physical = 198 ; free virtual = 4536

Phase 2.2 Update Timing before SLR Path Opt
Phase 2.2 Update Timing before SLR Path Opt | Checksum: 1d83de4e5

Time (s): cpu = 00:00:03 ; elapsed = 00:00:01 . Memory (MB): peak = 3480.227 ; gain = 0.000 ; free physical = 204 ; free virtual = 4541

Phase 2.3 Post-Processing in Floorplanning
Phase 2.3 Post-Processing in Floorplanning | Checksum: 1d83de4e5

Time (s): cpu = 00:00:03 ; elapsed = 00:00:01 . Memory (MB): peak = 3480.227 ; gain = 0.000 ; free physical = 204 ; free virtual = 4541

Phase 2.4 Global Place Phase1
Phase 2.4 Global Place Phase1 | Checksum: 22eaa7a05

Time (s): cpu = 00:00:10 ; elapsed = 00:00:03 . Memory (MB): peak = 3480.227 ; gain = 0.000 ; free physical = 341 ; free virtual = 4569

Phase 2.5 Global Place Phase2

Phase 2.5.1 UpdateTiming Before Physical Synthesis
Phase 2.5.1 UpdateTiming Before Physical Synthesis | Checksum: 22eaa7a05

Time (s): cpu = 00:00:11 ; elapsed = 00:00:03 . Memory (MB): peak = 3480.227 ; gain = 0.000 ; free physical = 340 ; free virtual = 4569

Phase 2.5.2 Physical Synthesis In Placer
INFO: [Physopt 32-1035] Found 0 LUTNM shape to break, 64 LUT instances to create LUTNM shape
INFO: [Physopt 32-1044] Break lutnm for timing: one critical 0, two critical 0, total 0, new lutff created 0
INFO: [Physopt 32-1138] End 1 Pass. Optimized 15 nets or LUTs. Breaked 0 LUT, combined 15 existing LUTs and moved 0 existing LUT
INFO: [Physopt 32-65] No nets found for high-fanout optimization.
INFO: [Physopt 32-232] Optimized 0 net. Created 0 new instance.
INFO: [Physopt 32-775] End 1 Pass. Optimized 0 net or cell. Created 0 new cell, deleted 0 existing cell and moved 0 existing cell
INFO: [Physopt 32-670] No setup violation found.  DSP Register Optimization was not performed.
INFO: [Physopt 32-670] No setup violation found.  Shift Register to Pipeline Optimization was not performed.
INFO: [Physopt 32-670] No setup violation found.  Shift Register Optimization was not performed.
INFO: [Physopt 32-670] No setup violation found.  BRAM Register Optimization was not performed.
INFO: [Physopt 32-670] No setup violation found.  URAM Register Optimization was not performed.
INFO: [Physopt 32-949] No candidate nets found for dynamic/static region interface net replication
INFO: [Physopt 32-775] End 1 Pass. Optimized 0 net or cell. Created 0 new cell, deleted 0 existing cell and moved 0 existing cell
Netlist sorting complete. Time (s): cpu = 00:00:00 ; elapsed = 00:00:00 . Memory (MB): peak = 3480.227 ; gain = 0.000 ; free physical = 332 ; free virtual = 4571

Summary of Physical Synthesis Optimizations
============================================


-----------------------------------------------------------------------------------------------------------------------------------------------------------
|  Optimization                                     |  Added Cells  |  Removed Cells  |  Optimized Cells/Nets  |  Dont Touch  |  Iterations  |  Elapsed   |
-----------------------------------------------------------------------------------------------------------------------------------------------------------
|  LUT Combining                                    |            0  |             15  |                    15  |           0  |           1  |  00:00:00  |
|  Retime                                           |            0  |              0  |                     0  |           0  |           1  |  00:00:00  |
|  Very High Fanout                                 |            0  |              0  |                     0  |           0  |           1  |  00:00:00  |
|  DSP Register                                     |            0  |              0  |                     0  |           0  |           0  |  00:00:00  |
|  Shift Register to Pipeline                       |            0  |              0  |                     0  |           0  |           0  |  00:00:00  |
|  Shift Register                                   |            0  |              0  |                     0  |           0  |           0  |  00:00:00  |
|  BRAM Register                                    |            0  |              0  |                     0  |           0  |           0  |  00:00:00  |
|  URAM Register                                    |            0  |              0  |                     0  |           0  |           0  |  00:00:00  |
|  Dynamic/Static Region Interface Net Replication  |            0  |              0  |                     0  |           0  |           1  |  00:00:00  |
|  Total                                            |            0  |             15  |                    15  |           0  |           4  |  00:00:00  |
-----------------------------------------------------------------------------------------------------------------------------------------------------------


Phase 2.5.2 Physical Synthesis In Placer | Checksum: 14e61c365

Time (s): cpu = 00:00:11 ; elapsed = 00:00:04 . Memory (MB): peak = 3480.227 ; gain = 0.000 ; free physical = 325 ; free virtual = 4561
Phase 2.5 Global Place Phase2 | Checksum: 245523cb1

Time (s): cpu = 00:00:12 ; elapsed = 00:00:04 . Memory (MB): peak = 3480.227 ; gain = 0.000 ; free physical = 324 ; free virtual = 4560
Phase 2 Global Placement | Checksum: 245523cb1

Time (s): cpu = 00:00:12 ; elapsed = 00:00:04 . Memory (MB): peak = 3480.227 ; gain = 0.000 ; free physical = 324 ; free virtual = 4560

Phase 3 Detail Placement

Phase 3.1 Commit Multi Column Macros
Phase 3.1 Commit Multi Column Macros | Checksum: 14bb13e83

Time (s): cpu = 00:00:12 ; elapsed = 00:00:04 . Memory (MB): peak = 3480.227 ; gain = 0.000 ; free physical = 322 ; free virtual = 4558

Phase 3.2 Commit Most Macros & LUTRAMs
Phase 3.2 Commit Most Macros & LUTRAMs | Checksum: 1a83dc199

Time (s): cpu = 00:00:13 ; elapsed = 00:00:04 . Memory (MB): peak = 3480.227 ; gain = 0.000 ; free physical = 322 ; free virtual = 4558

Phase 3.3 Area Swap Optimization
Phase 3.3 Area Swap Optimization | Checksum: 1943c0dbd

Time (s): cpu = 00:00:14 ; elapsed = 00:00:04 . Memory (MB): peak = 3480.227 ; gain = 0.000 ; free physical = 322 ; free virtual = 4558

Phase 3.4 Pipeline Register Optimization
Phase 3.4 Pipeline Register Optimization | Checksum: 12187e23b

Time (s): cpu = 00:00:14 ; elapsed = 00:00:04 . Memory (MB): peak = 3480.227 ; gain = 0.000 ; free physical = 322 ; free virtual = 4558

Phase 3.5 Small Shape Detail Placement
Phase 3.5 Small Shape Detail Placement | Checksum: 10d7155ef

Time (s): cpu = 00:00:14 ; elapsed = 00:00:05 . Memory (MB): peak = 3480.227 ; gain = 0.000 ; free physical = 317 ; free virtual = 4553

Phase 3.6 Re-assign LUT pins
Phase 3.6 Re-assign LUT pins | Checksum: 186dde66e

Time (s): cpu = 00:00:14 ; elapsed = 00:00:05 . Memory (MB): peak = 3480.227 ; gain = 0.000 ; free physical = 317 ; free virtual = 4552

Phase 3.7 Pipeline Register Optimization
Phase 3.7 Pipeline Register Optimization | Checksum: 2367ba01d

Time (s): cpu = 00:00:14 ; elapsed = 00:00:05 . Memory (MB): peak = 3480.227 ; gain = 0.000 ; free physical = 317 ; free virtual = 4552
Phase 3 Detail Placement | Checksum: 2367ba01d

Time (s): cpu = 00:00:14 ; elapsed = 00:00:05 . Memory (MB): peak = 3480.227 ; gain = 0.000 ; free physical = 317 ; free virtual = 4552

Phase 4 Post Placement Optimization and Clean-Up

Phase 4.1 Post Commit Optimization
INFO: [Timing 38-35] Done setting XDC timing constraints.

Phase 4.1.1 Post Placement Optimization
Post Placement Optimization Initialization | Checksum: 1e03f4838

Phase 4.1.1.1 BUFG Insertion

Starting Physical Synthesis Task

Phase 1 Physical Synthesis Initialization
INFO: [Physopt 32-721] Multithreading enabled for phys_opt_design using a maximum of 8 CPUs
INFO: [Physopt 32-619] Estimated Timing Summary | WNS=0.430 | TNS=0.000 |
Phase 1 Physical Synthesis Initialization | Checksum: fe11b796

Time (s): cpu = 00:00:00.13 ; elapsed = 00:00:00.04 . Memory (MB): peak = 3480.227 ; gain = 0.000 ; free physical = 315 ; free virtual = 4551
INFO: [Place 46-56] BUFG insertion identified 0 candidate nets. Inserted BUFG: 0, Replicated BUFG Driver: 0, Skipped due to Placement/Routing Conflicts: 0, Skipped due to Timing Degradation: 0, Skipped due to netlist editing failed: 0.
Ending Physical Synthesis Task | Checksum: 1f32862ed

Time (s): cpu = 00:00:00.14 ; elapsed = 00:00:00.04 . Memory (MB): peak = 3480.227 ; gain = 0.000 ; free physical = 315 ; free virtual = 4551
Phase 4.1.1.1 BUFG Insertion | Checksum: 1e03f4838

Time (s): cpu = 00:00:16 ; elapsed = 00:00:05 . Memory (MB): peak = 3480.227 ; gain = 0.000 ; free physical = 315 ; free virtual = 4551

Phase 4.1.1.2 Post Placement Timing Optimization
INFO: [Place 30-746] Post Placement Timing Summary WNS=0.593. For the most accurate timing information please run report_timing.
Phase 4.1.1.2 Post Placement Timing Optimization | Checksum: 1946d37f3

Time (s): cpu = 00:00:16 ; elapsed = 00:00:06 . Memory (MB): peak = 3480.227 ; gain = 0.000 ; free physical = 312 ; free virtual = 4549

Time (s): cpu = 00:00:16 ; elapsed = 00:00:06 . Memory (MB): peak = 3480.227 ; gain = 0.000 ; free physical = 312 ; free virtual = 4549
Phase 4.1 Post Commit Optimization | Checksum: 1946d37f3

Time (s): cpu = 00:00:16 ; elapsed = 00:00:06 . Memory (MB): peak = 3480.227 ; gain = 0.000 ; free physical = 312 ; free virtual = 4548

Phase 4.2 Post Placement Cleanup
Phase 4.2 Post Placement Cleanup | Checksum: 1946d37f3

Time (s): cpu = 00:00:16 ; elapsed = 00:00:06 . Memory (MB): peak = 3480.227 ; gain = 0.000 ; free physical = 312 ; free virtual = 4548

Phase 4.3 Placer Reporting

Phase 4.3.1 Print Estimated Congestion
INFO: [Place 30-612] Post-Placement Estimated Congestion 
 ____________________________________________________
|           | Global Congestion | Short Congestion  |
| Direction | Region Size       | Region Size       |
|___________|___________________|___________________|
|      North|                1x1|                1x1|
|___________|___________________|___________________|
|      South|                1x1|                2x2|
|___________|___________________|___________________|
|       East|                1x1|                1x1|
|___________|___________________|___________________|
|       West|                1x1|                1x1|
|___________|___________________|___________________|

Phase 4.3.1 Print Estimated Congestion | Checksum: 1946d37f3

Time (s): cpu = 00:00:16 ; elapsed = 00:00:06 . Memory (MB): peak = 3480.227 ; gain = 0.000 ; free physical = 312 ; free virtual = 4548
Phase 4.3 Placer Reporting | Checksum: 1946d37f3

Time (s): cpu = 00:00:16 ; elapsed = 00:00:06 . Memory (MB): peak = 3480.227 ; gain = 0.000 ; free physical = 312 ; free virtual = 4548

Phase 4.4 Final Placement Cleanup
Netlist sorting complete. Time (s): cpu = 00:00:00 ; elapsed = 00:00:00 . Memory (MB): peak = 3480.227 ; gain = 0.000 ; free physical = 312 ; free virtual = 4548

Time (s): cpu = 00:00:16 ; elapsed = 00:00:06 . Memory (MB): peak = 3480.227 ; gain = 0.000 ; free physical = 312 ; free virtual = 4548
Phase 4 Post Placement Optimization and Clean-Up | Checksum: 18b2c2bf5

Time (s): cpu = 00:00:16 ; elapsed = 00:00:06 . Memory (MB): peak = 3480.227 ; gain = 0.000 ; free physical = 312 ; free virtual = 4548
Ending Placer Task | Checksum: 14ca5f922

Time (s): cpu = 00:00:16 ; elapsed = 00:00:06 . Memory (MB): peak = 3480.227 ; gain = 0.000 ; free physical = 312 ; free virtual = 4548
68 Infos, 0 Warnings, 0 Critical Warnings and 0 Errors encountered.
place_design completed successfully
place_design: Time (s): cpu = 00:00:17 ; elapsed = 00:00:06 . Memory (MB): peak = 3480.227 ; gain = 0.000 ; free physical = 312 ; free virtual = 4549
INFO: [Vivado 12-24838] Running report commands "report_control_sets, report_io, report_utilization" in parallel.
Running report generation with 3 threads.
INFO: [Vivado 12-24828] Executing command : report_control_sets -verbose -file system_control_sets_placed.rpt
report_control_sets: Time (s): cpu = 00:00:00.07 ; elapsed = 00:00:00.04 . Memory (MB): peak = 3480.227 ; gain = 0.000 ; free physical = 306 ; free virtual = 4543
INFO: [Vivado 12-24828] Executing command : report_io -file system_io_placed.rpt
report_io: Time (s): cpu = 00:00:00.25 ; elapsed = 00:00:00.16 . Memory (MB): peak = 3480.227 ; gain = 0.000 ; free physical = 293 ; free virtual = 4530
INFO: [Vivado 12-24828] Executing command : report_utilization -file system_utilization_placed.rpt -pb system_utilization_placed.pb
INFO: [Timing 38-480] Writing timing data to binary archive.
Wrote PlaceDB: Time (s): cpu = 00:00:00 ; elapsed = 00:00:00 . Memory (MB): peak = 3480.227 ; gain = 0.000 ; free physical = 300 ; free virtual = 4537
Wrote PulsedLatchDB: Time (s): cpu = 00:00:00 ; elapsed = 00:00:00 . Memory (MB): peak = 3480.227 ; gain = 0.000 ; free physical = 300 ; free virtual = 4537
Writing XDEF routing.
Write ShapeDB Complete: Time (s): cpu = 00:00:00.02 ; elapsed = 00:00:00.01 . Memory (MB): peak = 3480.227 ; gain = 0.000 ; free physical = 300 ; free virtual = 4537
Writing XDEF routing logical nets.
Writing XDEF routing special nets.
Wrote RouteStorage: Time (s): cpu = 00:00:00.04 ; elapsed = 00:00:00.01 . Memory (MB): peak = 3480.227 ; gain = 0.000 ; free physical = 300 ; free virtual = 4538
Wrote PlaceStorage: Time (s): cpu = 00:00:00.19 ; elapsed = 00:00:00.08 . Memory (MB): peak = 3480.227 ; gain = 0.000 ; free physical = 298 ; free virtual = 4541
Wrote Netlist Cache: Time (s): cpu = 00:00:00 ; elapsed = 00:00:00 . Memory (MB): peak = 3480.227 ; gain = 0.000 ; free physical = 297 ; free virtual = 4541
Wrote Device Cache: Time (s): cpu = 00:00:00 ; elapsed = 00:00:00.01 . Memory (MB): peak = 3480.227 ; gain = 0.000 ; free physical = 296 ; free virtual = 4541
Write Physdb Complete: Time (s): cpu = 00:00:00.23 ; elapsed = 00:00:00.1 . Memory (MB): peak = 3480.227 ; gain = 0.000 ; free physical = 296 ; free virtual = 4541
INFO: [Common 17-1381] The checkpoint '/mnt/Windows/Well/Projects/EE Core/RV32I/RV32I.runs/impl_1/system_placed.dcp' has been generated.
Command: phys_opt_design
Attempting to get a license for feature 'Vivado_Implementation' and/or device 'xc7k325t'
INFO: [Common 17-349] Got license for feature 'Vivado_Implementation' and/or device 'xc7k325t'

Starting Initial Update Timing Task

Time (s): cpu = 00:00:00.78 ; elapsed = 00:00:00.21 . Memory (MB): peak = 3480.227 ; gain = 0.000 ; free physical = 295 ; free virtual = 4539
INFO: [Vivado_Tcl 4-2279] Estimated Timing Summary | WNS= 0.593 | TNS= 0.000 | 
INFO: [Vivado_Tcl 4-383] Design worst setup slack (WNS) is greater than or equal to 0.000 ns. All physical synthesis setup optimizations will be skipped.
INFO: [Vivado_Tcl 4-232] No setup violation found. The netlist was not modified.
INFO: [Common 17-83] Releasing license: Vivado_Implementation
79 Infos, 0 Warnings, 0 Critical Warnings and 0 Errors encountered.
phys_opt_design completed successfully
INFO: [Timing 38-480] Writing timing data to binary archive.
Wrote PlaceDB: Time (s): cpu = 00:00:00 ; elapsed = 00:00:00 . Memory (MB): peak = 3480.227 ; gain = 0.000 ; free physical = 295 ; free virtual = 4539
Wrote PulsedLatchDB: Time (s): cpu = 00:00:00 ; elapsed = 00:00:00 . Memory (MB): peak = 3480.227 ; gain = 0.000 ; free physical = 295 ; free virtual = 4539
Writing XDEF routing.
Write ShapeDB Complete: Time (s): cpu = 00:00:00.04 ; elapsed = 00:00:00.01 . Memory (MB): peak = 3480.227 ; gain = 0.000 ; free physical = 295 ; free virtual = 4539
Writing XDEF routing logical nets.
Writing XDEF routing special nets.
Wrote RouteStorage: Time (s): cpu = 00:00:00.04 ; elapsed = 00:00:00.01 . Memory (MB): peak = 3480.227 ; gain = 0.000 ; free physical = 295 ; free virtual = 4539
Wrote PlaceStorage: Time (s): cpu = 00:00:00.17 ; elapsed = 00:00:00.07 . Memory (MB): peak = 3480.227 ; gain = 0.000 ; free physical = 302 ; free virtual = 4546
Wrote Netlist Cache: Time (s): cpu = 00:00:00 ; elapsed = 00:00:00 . Memory (MB): peak = 3480.227 ; gain = 0.000 ; free physical = 302 ; free virtual = 4547
Wrote Device Cache: Time (s): cpu = 00:00:00 ; elapsed = 00:00:00 . Memory (MB): peak = 3480.227 ; gain = 0.000 ; free physical = 302 ; free virtual = 4547
Write Physdb Complete: Time (s): cpu = 00:00:00.23 ; elapsed = 00:00:00.08 . Memory (MB): peak = 3480.227 ; gain = 0.000 ; free physical = 304 ; free virtual = 4548
INFO: [Common 17-1381] The checkpoint '/mnt/Windows/Well/Projects/EE Core/RV32I/RV32I.runs/impl_1/system_physopt.dcp' has been generated.
Command: route_design
Attempting to get a license for feature 'Vivado_Implementation' and/or device 'xc7k325t'
INFO: [Common 17-349] Got license for feature 'Vivado_Implementation' and/or device 'xc7k325t'


Starting Routing Task
INFO: [Route 35-254] Multithreading enabled for route_design using a maximum of 8 CPUs

Phase 1 Build RT Design
Checksum: PlaceDB: 7d78fe79 ConstDB: 0 ShapeSum: a6b18059 RouteDB: 287b7a50
Post Restoration Checksum: NetGraph: 88f8f145 | NumContArr: 875c000c | Constraints: c2a8fa9d | Timing: c2a8fa9d
Phase 1 Build RT Design | Checksum: 295a6e68b

Time (s): cpu = 00:00:23 ; elapsed = 00:00:16 . Memory (MB): peak = 3480.227 ; gain = 0.000 ; free physical = 287 ; free virtual = 4472

Phase 2 Router Initialization

Phase 2.1 Fix Topology Constraints
Phase 2.1 Fix Topology Constraints | Checksum: 295a6e68b

Time (s): cpu = 00:00:23 ; elapsed = 00:00:16 . Memory (MB): peak = 3480.227 ; gain = 0.000 ; free physical = 287 ; free virtual = 4472

Phase 2.2 Pre Route Cleanup
Phase 2.2 Pre Route Cleanup | Checksum: 295a6e68b

Time (s): cpu = 00:00:23 ; elapsed = 00:00:16 . Memory (MB): peak = 3480.227 ; gain = 0.000 ; free physical = 287 ; free virtual = 4472
 Number of Nodes with overlaps = 0

Phase 2.3 Update Timing
Phase 2.3 Update Timing | Checksum: 36a335706

Time (s): cpu = 00:00:26 ; elapsed = 00:00:17 . Memory (MB): peak = 3480.227 ; gain = 0.000 ; free physical = 213 ; free virtual = 4397
INFO: [Route 35-416] Intermediate Timing Summary | WNS=0.871  | TNS=0.000  | WHS=-0.328 | THS=-662.949|


Phase 2.4 Soft Constraint Pins - Fast Budgeting
Phase 2.4 Soft Constraint Pins - Fast Budgeting | Checksum: 2fe178f37

Time (s): cpu = 00:00:26 ; elapsed = 00:00:17 . Memory (MB): peak = 3480.227 ; gain = 0.000 ; free physical = 213 ; free virtual = 4397

Router Utilization Summary
  Global Vertical Routing Utilization    = 0 %
  Global Horizontal Routing Utilization  = 0 %
  Routable Net Status*
  *Does not include unroutable nets such as driverless and loadless.
  Run report_route_status for detailed report.
  Number of Failed Nets               = 2660
    (Failed Nets is the sum of unrouted and partially routed nets)
  Number of Unrouted Nets             = 2660
  Number of Partially Routed Nets     = 0
  Number of Node Overlaps             = 0

Phase 2 Router Initialization | Checksum: 2d0ce45a2

Time (s): cpu = 00:00:27 ; elapsed = 00:00:17 . Memory (MB): peak = 3480.227 ; gain = 0.000 ; free physical = 207 ; free virtual = 4392

Phase 3 Global Routing
Phase 3 Global Routing | Checksum: 2d0ce45a2

Time (s): cpu = 00:00:27 ; elapsed = 00:00:17 . Memory (MB): peak = 3480.227 ; gain = 0.000 ; free physical = 207 ; free virtual = 4392

Phase 4 Initial Routing

Phase 4.1 Initial Net Routing Pass
Phase 4.1 Initial Net Routing Pass | Checksum: 2c435f2cb

Time (s): cpu = 00:00:29 ; elapsed = 00:00:18 . Memory (MB): peak = 3480.227 ; gain = 0.000 ; free physical = 206 ; free virtual = 4390
Phase 4 Initial Routing | Checksum: 2c435f2cb

Time (s): cpu = 00:00:29 ; elapsed = 00:00:18 . Memory (MB): peak = 3480.227 ; gain = 0.000 ; free physical = 206 ; free virtual = 4390

Phase 5 Rip-up And Reroute

Phase 5.1 Global Iteration 0
 Number of Nodes with overlaps = 767
 Number of Nodes with overlaps = 229
 Number of Nodes with overlaps = 85
 Number of Nodes with overlaps = 44
 Number of Nodes with overlaps = 21
 Number of Nodes with overlaps = 15
 Number of Nodes with overlaps = 6
 Number of Nodes with overlaps = 7
 Number of Nodes with overlaps = 1
 Number of Nodes with overlaps = 0
INFO: [Route 35-416] Intermediate Timing Summary | WNS=0.881  | TNS=0.000  | WHS=N/A    | THS=N/A    |

Phase 5.1 Global Iteration 0 | Checksum: 3152d5549

Time (s): cpu = 00:00:34 ; elapsed = 00:00:21 . Memory (MB): peak = 3480.227 ; gain = 0.000 ; free physical = 199 ; free virtual = 4390
Phase 5 Rip-up And Reroute | Checksum: 3152d5549

Time (s): cpu = 00:00:34 ; elapsed = 00:00:21 . Memory (MB): peak = 3480.227 ; gain = 0.000 ; free physical = 199 ; free virtual = 4390

Phase 6 Delay and Skew Optimization

Phase 6.1 Delay CleanUp
Phase 6.1 Delay CleanUp | Checksum: 3152d5549

Time (s): cpu = 00:00:34 ; elapsed = 00:00:21 . Memory (MB): peak = 3480.227 ; gain = 0.000 ; free physical = 199 ; free virtual = 4390

Phase 6.2 Clock Skew Optimization
Phase 6.2 Clock Skew Optimization | Checksum: 3152d5549

Time (s): cpu = 00:00:34 ; elapsed = 00:00:21 . Memory (MB): peak = 3480.227 ; gain = 0.000 ; free physical = 199 ; free virtual = 4390
Phase 6 Delay and Skew Optimization | Checksum: 3152d5549

Time (s): cpu = 00:00:34 ; elapsed = 00:00:21 . Memory (MB): peak = 3480.227 ; gain = 0.000 ; free physical = 199 ; free virtual = 4390

Phase 7 Post Hold Fix

Phase 7.1 Hold Fix Iter
INFO: [Route 35-416] Intermediate Timing Summary | WNS=0.987  | TNS=0.000  | WHS=0.077  | THS=0.000  |

Phase 7.1 Hold Fix Iter | Checksum: 2807aa6ff

Time (s): cpu = 00:00:35 ; elapsed = 00:00:21 . Memory (MB): peak = 3480.227 ; gain = 0.000 ; free physical = 200 ; free virtual = 4390
Phase 7 Post Hold Fix | Checksum: 2807aa6ff

Time (s): cpu = 00:00:35 ; elapsed = 00:00:21 . Memory (MB): peak = 3480.227 ; gain = 0.000 ; free physical = 200 ; free virtual = 4390

Phase 8 Route finalize

Router Utilization Summary
  Global Vertical Routing Utilization    = 0.198709 %
  Global Horizontal Routing Utilization  = 0.289069 %
  Routable Net Status*
  *Does not include unroutable nets such as driverless and loadless.
  Run report_route_status for detailed report.
  Number of Failed Nets               = 0
    (Failed Nets is the sum of unrouted and partially routed nets)
  Number of Unrouted Nets             = 0
  Number of Partially Routed Nets     = 0
  Number of Node Overlaps             = 0

Phase 8 Route finalize | Checksum: 2807aa6ff

Time (s): cpu = 00:00:35 ; elapsed = 00:00:21 . Memory (MB): peak = 3480.227 ; gain = 0.000 ; free physical = 200 ; free virtual = 4390

Phase 9 Verifying routed nets

 Verification completed successfully
Phase 9 Verifying routed nets | Checksum: 2807aa6ff

Time (s): cpu = 00:00:35 ; elapsed = 00:00:21 . Memory (MB): peak = 3480.227 ; gain = 0.000 ; free physical = 199 ; free virtual = 4390

Phase 10 Depositing Routes
Phase 10 Depositing Routes | Checksum: 266b49851

Time (s): cpu = 00:00:35 ; elapsed = 00:00:21 . Memory (MB): peak = 3480.227 ; gain = 0.000 ; free physical = 199 ; free virtual = 4386

Phase 11 Post Process Routing
Phase 11 Post Process Routing | Checksum: 266b49851

Time (s): cpu = 00:00:35 ; elapsed = 00:00:21 . Memory (MB): peak = 3480.227 ; gain = 0.000 ; free physical = 199 ; free virtual = 4386

Phase 12 Post Router Timing
INFO: [Route 35-57] Estimated Timing Summary | WNS=0.987  | TNS=0.000  | WHS=0.077  | THS=0.000  |

INFO: [Route 35-327] The final timing numbers are based on the router estimated timing analysis. For a complete and accurate timing signoff, please run report_timing_summary.
Phase 12 Post Router Timing | Checksum: 266b49851

Time (s): cpu = 00:00:35 ; elapsed = 00:00:21 . Memory (MB): peak = 3480.227 ; gain = 0.000 ; free physical = 199 ; free virtual = 4386
Total Elapsed time in route_design: 21.14 secs

Phase 13 Post-Route Event Processing
Phase 13 Post-Route Event Processing | Checksum: 1a441536c

Time (s): cpu = 00:00:35 ; elapsed = 00:00:21 . Memory (MB): peak = 3480.227 ; gain = 0.000 ; free physical = 199 ; free virtual = 4386
INFO: [Route 35-16] Router Completed Successfully
Ending Routing Task | Checksum: 1a441536c

Time (s): cpu = 00:00:35 ; elapsed = 00:00:21 . Memory (MB): peak = 3480.227 ; gain = 0.000 ; free physical = 199 ; free virtual = 4386

Routing Is Done.
INFO: [Common 17-83] Releasing license: Vivado_Implementation
90 Infos, 0 Warnings, 0 Critical Warnings and 0 Errors encountered.
route_design completed successfully
route_design: Time (s): cpu = 00:00:35 ; elapsed = 00:00:21 . Memory (MB): peak = 3480.227 ; gain = 0.000 ; free physical = 199 ; free virtual = 4386
INFO: [Vivado 12-24828] Executing command : report_drc -file system_drc_routed.rpt -pb system_drc_routed.pb -rpx system_drc_routed.rpx
Command: report_drc -file system_drc_routed.rpt -pb system_drc_routed.pb -rpx system_drc_routed.rpx
INFO: [IP_Flow 19-1839] IP Catalog is up to date.
INFO: [DRC 23-27] Running DRC with 8 threads
INFO: [Vivado_Tcl 2-168] The results of DRC are in file /mnt/Windows/Well/Projects/EE Core/RV32I/RV32I.runs/impl_1/system_drc_routed.rpt.
report_drc completed successfully
INFO: [Vivado 12-24828] Executing command : report_methodology -file system_methodology_drc_routed.rpt -pb system_methodology_drc_routed.pb -rpx system_methodology_drc_routed.rpx
Command: report_methodology -file system_methodology_drc_routed.rpt -pb system_methodology_drc_routed.pb -rpx system_methodology_drc_routed.rpx
INFO: [Timing 38-35] Done setting XDC timing constraints.
INFO: [DRC 23-133] Running Methodology with 8 threads
INFO: [Vivado_Tcl 2-1520] The results of Report Methodology are in file /mnt/Windows/Well/Projects/EE Core/RV32I/RV32I.runs/impl_1/system_methodology_drc_routed.rpt.
report_methodology completed successfully
INFO: [Vivado 12-24828] Executing command : report_timing_summary -max_paths 10 -routable_nets -report_unconstrained -file system_timing_summary_routed.rpt -pb system_timing_summary_routed.pb -rpx system_timing_summary_routed.rpx -warn_on_violation 
INFO: [Timing 38-35] Done setting XDC timing constraints.
INFO: [Timing 38-91] UpdateTimingParams: Speed grade: -3, Delay Type: min_max.
INFO: [Timing 38-191] Multithreading enabled for timing update using a maximum of 8 CPUs
INFO: [Vivado 12-24838] Running report commands "report_bus_skew, report_incremental_reuse, report_route_status" in parallel.
Running report generation with 3 threads.
INFO: [Vivado 12-24828] Executing command : report_incremental_reuse -file system_incremental_reuse_routed.rpt
INFO: [Vivado_Tcl 4-1062] Incremental flow is disabled. No incremental reuse Info to report.
INFO: [Vivado 12-24828] Executing command : report_route_status -file system_route_status.rpt -pb system_route_status.pb
INFO: [Vivado 12-24828] Executing command : report_bus_skew -warn_on_violation -file system_bus_skew_routed.rpt -pb system_bus_skew_routed.pb -rpx system_bus_skew_routed.rpx
INFO: [Timing 38-91] UpdateTimingParams: Speed grade: -3, Delay Type: min_max.
INFO: [Timing 38-191] Multithreading enabled for timing update using a maximum of 8 CPUs
INFO: [Vivado 12-24828] Executing command : report_power -file system_power_routed.rpt -pb system_power_summary_routed.pb -rpx system_power_routed.rpx
Command: report_power -file system_power_routed.rpt -pb system_power_summary_routed.pb -rpx system_power_routed.rpx
Running Vector-less Activity Propagation...

Finished Running Vector-less Activity Propagation
110 Infos, 0 Warnings, 0 Critical Warnings and 0 Errors encountered.
report_power completed successfully
INFO: [Vivado 12-24828] Executing command : report_clock_utilization -file system_clock_utilization_routed.rpt
INFO: [Timing 38-480] Writing timing data to binary archive.
Wrote PlaceDB: Time (s): cpu = 00:00:00 ; elapsed = 00:00:00 . Memory (MB): peak = 3507.691 ; gain = 0.000 ; free physical = 177 ; free virtual = 4371
Wrote PulsedLatchDB: Time (s): cpu = 00:00:00 ; elapsed = 00:00:00 . Memory (MB): peak = 3507.691 ; gain = 0.000 ; free physical = 177 ; free virtual = 4371
Writing XDEF routing.
Write ShapeDB Complete: Time (s): cpu = 00:00:00.03 ; elapsed = 00:00:00.01 . Memory (MB): peak = 3507.691 ; gain = 0.000 ; free physical = 177 ; free virtual = 4371
Writing XDEF routing logical nets.
Writing XDEF routing special nets.
Wrote RouteStorage: Time (s): cpu = 00:00:00.1 ; elapsed = 00:00:00.03 . Memory (MB): peak = 3507.691 ; gain = 0.000 ; free physical = 177 ; free virtual = 4372
Wrote PlaceStorage: Time (s): cpu = 00:00:00.12 ; elapsed = 00:00:00.06 . Memory (MB): peak = 3507.691 ; gain = 0.000 ; free physical = 174 ; free virtual = 4374
Wrote Netlist Cache: Time (s): cpu = 00:00:00 ; elapsed = 00:00:00 . Memory (MB): peak = 3507.691 ; gain = 0.000 ; free physical = 173 ; free virtual = 4374
Wrote Device Cache: Time (s): cpu = 00:00:00 ; elapsed = 00:00:00.01 . Memory (MB): peak = 3507.691 ; gain = 0.000 ; free physical = 172 ; free virtual = 4374
Write Physdb Complete: Time (s): cpu = 00:00:00.24 ; elapsed = 00:00:00.1 . Memory (MB): peak = 3507.691 ; gain = 0.000 ; free physical = 172 ; free virtual = 4374
INFO: [Common 17-1381] The checkpoint '/mnt/Windows/Well/Projects/EE Core/RV32I/RV32I.runs/impl_1/system_routed.dcp' has been generated.
INFO: [Common 17-206] Exiting Vivado at Sun Oct  4 13:29:16 2026...
