Copyright 1986-2022 Xilinx, Inc. All Rights Reserved. Copyright 2022-2026 Advanced Micro Devices, Inc. All Rights Reserved.
---------------------------------------------------------------------------------------------------------------------------------------------
| Tool Version : Vivado v.2026.1 (lin64) Build 6511674 Tue Jun 16 11:01:26 MDT 2026
| Date         : Sun Aug 23 11:25:45 2026
| Host         : localhost.localdomain running 64-bit Rocky Linux 10.2 (Red Quartz)"
RELEASE_TYPE="stable
| Command      : report_control_sets -verbose -file system_control_sets_placed.rpt
| Design       : system
| Device       : xc7k325t
---------------------------------------------------------------------------------------------------------------------------------------------

Control Set Information

Table of Contents
-----------------
1. Summary
2. Histogram
3. Flip-Flop Distribution
4. Detailed Control Set Information

1. Summary
----------

+----------------------------------------------------------+-------+
|                          Status                          | Count |
+----------------------------------------------------------+-------+
| Total control sets                                       |    33 |
|    Minimum number of control sets                        |    33 |
|    Addition due to synthesis replication                 |     0 |
|    Addition due to physical synthesis replication        |     0 |
| Unused register locations in slices containing registers |    45 |
+----------------------------------------------------------+-------+
* Control sets can be merged at opt_design using control_set_merge or merge_equivalent_drivers
** Run report_qor_suggestions for automated merging and remapping suggestions


2. Histogram
------------

+--------------------+-------+
|       Fanout       | Count |
+--------------------+-------+
| Total control sets |    33 |
| >= 0 to < 4        |     3 |
| >= 4 to < 6        |     2 |
| >= 6 to < 8        |     0 |
| >= 8 to < 10       |    11 |
| >= 10 to < 12      |     0 |
| >= 12 to < 14      |     1 |
| >= 14 to < 16      |     0 |
| >= 16              |    16 |
+--------------------+-------+
* Control sets can be remapped at either synth_design or opt_design


3. Flip-Flop Distribution
-------------------------

+--------------+-----------------------+------------------------+-----------------+--------------+
| Clock Enable | Synchronous Set/Reset | Asynchronous Set/Reset | Total Registers | Total Slices |
+--------------+-----------------------+------------------------+-----------------+--------------+
| No           | No                    | No                     |               2 |            2 |
| No           | No                    | Yes                    |             405 |          169 |
| No           | Yes                   | No                     |               0 |            0 |
| Yes          | No                    | No                     |              64 |           13 |
| Yes          | No                    | Yes                    |             516 |          204 |
| Yes          | Yes                   | No                     |               0 |            0 |
+--------------+-----------------------+------------------------+-----------------+--------------+


4. Detailed Control Set Information
-----------------------------------

+----------------+--------------------------------------------+----------------------------+------------------+----------------+--------------+
|  Clock Signal  |                Enable Signal               |      Set/Reset Signal      | Slice Load Count | Bel Load Count | Bels / Slice |
+----------------+--------------------------------------------+----------------------------+------------------+----------------+--------------+
|  clk_IBUF_BUFG | spi_ctrl/spi_engine/cs_n_i_1_n_0           | u_decode/rst_n             |                1 |              1 |         1.00 |
|  clk_IBUF_BUFG | spi_ctrl/spi_engine/mosi_i_1_n_0           | u_decode/rst_n             |                1 |              1 |         1.00 |
|  clk_IBUF_BUFG |                                            |                            |                2 |              2 |         1.00 |
|  clk_IBUF_BUFG | u_execute/ex_mem_alu_result_reg[29]_2[0]   | u_decode/rst_n             |                1 |              4 |         4.00 |
|  clk_IBUF_BUFG | spi_ctrl/spi_engine/edge_cnt[3]_i_1_n_0    | u_decode/rst_n             |                2 |              4 |         2.00 |
|  clk_IBUF_BUFG | spi_ctrl/tx_buffer/mem[7][7]_i_1_n_0       |                            |                2 |              8 |         4.00 |
|  clk_IBUF_BUFG | spi_ctrl/tx_buffer/mem[6][7]_i_1_n_0       |                            |                1 |              8 |         8.00 |
|  clk_IBUF_BUFG | spi_ctrl/tx_buffer/mem[5][7]_i_1_n_0       |                            |                2 |              8 |         4.00 |
|  clk_IBUF_BUFG | spi_ctrl/tx_buffer/mem[4][7]_i_1_n_0       |                            |                2 |              8 |         4.00 |
|  clk_IBUF_BUFG | spi_ctrl/tx_buffer/mem[3][7]_i_1_n_0       |                            |                2 |              8 |         4.00 |
|  clk_IBUF_BUFG | spi_ctrl/tx_buffer/mem[2][7]_i_1_n_0       |                            |                2 |              8 |         4.00 |
|  clk_IBUF_BUFG | spi_ctrl/tx_buffer/mem[0][7]_i_1_n_0       |                            |                1 |              8 |         8.00 |
|  clk_IBUF_BUFG | spi_ctrl/spi_engine/rx_shift_0[0]          | u_decode/rst_n             |                2 |              8 |         4.00 |
|  clk_IBUF_BUFG | spi_ctrl/spi_engine/tx_shift[7]_i_1_n_0    | u_decode/rst_n             |                3 |              8 |         2.67 |
|  clk_IBUF_BUFG | spi_ctrl/spi_engine/rx_data[7]_i_1_n_0     | u_decode/rst_n             |                2 |              8 |         4.00 |
|  clk_IBUF_BUFG | spi_ctrl/tx_buffer/mem[1][7]_i_1_n_0       |                            |                1 |              8 |         8.00 |
|  clk_IBUF_BUFG | spi_ctrl/tx_buffer/rd_ptr0                 | u_decode/rst_n             |                6 |             12 |         2.00 |
|  clk_IBUF_BUFG | u_dcache/tag_array_reg_0_63_0_0_i_1_n_0    |                            |                6 |             24 |         4.00 |
|  clk_IBUF_BUFG | u_dcache/p_0_in                            |                            |                8 |             32 |         4.00 |
|  clk_IBUF_BUFG | u_fetch/if_id_pc[31]_i_1_n_0               | u_fetch/pc_reg[31]_i_3_n_0 |               16 |             32 |         2.00 |
|  clk_IBUF_BUFG | u_fetch/if_id_inst[31]_i_1_n_0             | u_fetch/pc_reg[31]_i_3_n_0 |                8 |             33 |         4.12 |
|  clk_IBUF_BUFG | u_fetch/btb_table_reg_64_127_0_2_i_1_n_0   |                            |               11 |             44 |         4.00 |
|  clk_IBUF_BUFG | u_fetch/btb_table_reg_192_255_0_2_i_1_n_0  |                            |               11 |             44 |         4.00 |
|  clk_IBUF_BUFG | u_fetch/btb_table_reg_128_191_0_2_i_1_n_0  |                            |               11 |             44 |         4.00 |
|  clk_IBUF_BUFG | u_fetch/btb_table_reg_0_63_0_2_i_1_n_0     |                            |               11 |             44 |         4.00 |
|  clk_IBUF_BUFG | u_fetch/p_0_in                             | u_fetch/pc_reg[31]_i_3_n_0 |               24 |             45 |         1.88 |
|  clk_IBUF_BUFG | u_icache/tag_array_reg_0_63_0_0_i_1__0_n_0 |                            |               14 |             56 |         4.00 |
|  clk_IBUF_BUFG | u_memory/p_0_in1_out                       |                            |               11 |             88 |         8.00 |
|  clk_IBUF_BUFG | u_fetch/tag_table_reg_0_127_0_0_i_1_n_0    |                            |               24 |             96 |         4.00 |
|  clk_IBUF_BUFG | u_fetch/tag_table_reg_128_255_0_0_i_1_n_0  |                            |               24 |             96 |         4.00 |
|  clk_IBUF_BUFG |                                            | u_decode/rst_n             |               60 |            149 |         2.48 |
|  clk_IBUF_BUFG |                                            | u_fetch/pc_reg[31]_i_3_n_0 |              109 |            256 |         2.35 |
|  clk_IBUF_BUFG | u_dcache/E[0]                              | u_decode/rst_n             |              138 |            360 |         2.61 |
+----------------+--------------------------------------------+----------------------------+------------------+----------------+--------------+


