
*** Running vivado
    with args -log system.vds -m64 -product Vivado -mode batch -messageDb vivado.pb -notrace -source system.tcl

INFO: [Common 17-3922] A valid Vivado Design Suite BASIC license has been detected. Your current license is active and will expire on 22-aug-2027.
#-----------------------------------------------------------
# Vivado v2026.1 (64-bit)
# SW Build 6511674 on Tue Jun 16 11:01:26 MDT 2026
# IP Build 6504888 on Tue Jun 09 09:05:25 MDT 2026
# SharedData Build 6501428 on Mon Jun 08 17:34:18 MDT 2026
# Start of session at: Sun Aug 23 11:23:07 2026
# Process ID         : 113948
# Current directory  : /mnt/Windows/Well/Projects/RV32I/RV32I.runs/synth_1
# Command line       : vivado -log system.vds -product Vivado -mode batch -messageDb vivado.pb -notrace -source system.tcl
# Log file           : /mnt/Windows/Well/Projects/RV32I/RV32I.runs/synth_1/system.vds
# Journal file       : /mnt/Windows/Well/Projects/RV32I/RV32I.runs/synth_1/vivado.jou
# Running On         : localhost.localdomain
# Platform           : rocky
# Operating System   : Rocky Linux 10.2 (Red Quartz)"
RELEASE_TYPE="stable
# Processor Detail   : 13th Gen Intel(R) Core(TM) i5-13500H
# CPU Frequency      : 399.709 MHz
# CPU Physical cores : 12
# CPU Logical cores  : 16
# Host memory        : 14107 MB
# Swap memory        : 8589 MB
# Total Virtual      : 22697 MB
# Available Virtual  : 14491 MB
#-----------------------------------------------------------

****** Vivado v2026.1 (64-bit)
  **** SW Build 6511674 on Tue Jun 16 11:01:26 MDT 2026
  **** IP Build 6504888 on Tue Jun 09 09:05:25 MDT 2026
  **** SharedData Build 6501428 on Mon Jun 08 17:34:18 MDT 2026
  **** Start of session at: Sun Aug 23 11:23:07 2026
    ** Copyright 1986-2022 Xilinx, Inc. All Rights Reserved.
    ** Copyright 2022-2026 Advanced Micro Devices, Inc. All Rights Reserved.

source system.tcl -notrace
Command: synth_design -top system -part xc7k325tfbv900-3
Starting synth_design
Attempting to get a license for feature 'Vivado_Synthesis' and/or device 'xc7k325t'
INFO: [Common 17-349] Got license for feature 'Vivado_Synthesis' and/or device 'xc7k325t'
INFO: [Device 21-403] Loading part xc7k325tfbv900-3
INFO: [Designutils 20-5008] Incremental synthesis strategy default
INFO: [Synth 8-7079] Multithreading enabled for synth_design using a maximum of 7 processes.
INFO: [Synth 8-7078] Launching helper process for spawning children vivado processes
INFO: [Synth 8-7075] Helper process launched with PID 114051
---------------------------------------------------------------------------------
Starting RTL Elaboration : Time (s): cpu = 00:00:05 ; elapsed = 00:00:05 . Memory (MB): peak = 2638.871 ; gain = 515.031 ; free physical = 980 ; free virtual = 12456
---------------------------------------------------------------------------------
INFO: [Synth 8-6157] synthesizing module 'system' [/mnt/Windows/Well/Projects/RV32I/RV32I.srcs/sources_1/imports/src/system.v:6]
INFO: [Synth 8-6157] synthesizing module 'ram' [/mnt/Windows/Well/Projects/RV32I/RV32I.srcs/sources_1/imports/src/ram.v:8]
	Parameter ADDR_WIDTH bound to: 10 - type: integer 
	Parameter DATA_WIDTH bound to: 32 - type: integer 
INFO: [Synth 8-3876] $readmem data file '/home/shadow30812/LWL/Projects/RV32I/imem.hex' is read successfully [/mnt/Windows/Well/Projects/RV32I/RV32I.srcs/sources_1/imports/src/ram.v:42]
INFO: [Synth 8-6155] done synthesizing module 'ram' (0#1) [/mnt/Windows/Well/Projects/RV32I/RV32I.srcs/sources_1/imports/src/ram.v:8]
INFO: [Synth 8-6157] synthesizing module 'fetch' [/mnt/Windows/Well/Projects/RV32I/RV32I.srcs/sources_1/imports/src/fetch.v:5]
INFO: [Synth 8-226] default block is never used [/mnt/Windows/Well/Projects/RV32I/RV32I.srcs/sources_1/imports/src/fetch.v:125]
INFO: [Synth 8-6155] done synthesizing module 'fetch' (0#1) [/mnt/Windows/Well/Projects/RV32I/RV32I.srcs/sources_1/imports/src/fetch.v:5]
INFO: [Synth 8-6157] synthesizing module 'decode' [/mnt/Windows/Well/Projects/RV32I/RV32I.srcs/sources_1/imports/src/decode.v:5]
INFO: [Synth 8-6155] done synthesizing module 'decode' (0#1) [/mnt/Windows/Well/Projects/RV32I/RV32I.srcs/sources_1/imports/src/decode.v:5]
INFO: [Synth 8-6157] synthesizing module 'regfile' [/mnt/Windows/Well/Projects/RV32I/RV32I.srcs/sources_1/imports/src/regfile.v:5]
INFO: [Synth 8-6155] done synthesizing module 'regfile' (0#1) [/mnt/Windows/Well/Projects/RV32I/RV32I.srcs/sources_1/imports/src/regfile.v:5]
INFO: [Synth 8-6157] synthesizing module 'execute' [/mnt/Windows/Well/Projects/RV32I/RV32I.srcs/sources_1/imports/src/execute.v:5]
INFO: [Synth 8-6155] done synthesizing module 'execute' (0#1) [/mnt/Windows/Well/Projects/RV32I/RV32I.srcs/sources_1/imports/src/execute.v:5]
INFO: [Synth 8-6157] synthesizing module 'memory' [/mnt/Windows/Well/Projects/RV32I/RV32I.srcs/sources_1/imports/src/memory.v:5]
INFO: [Synth 8-6155] done synthesizing module 'memory' (0#1) [/mnt/Windows/Well/Projects/RV32I/RV32I.srcs/sources_1/imports/src/memory.v:5]
INFO: [Synth 8-6157] synthesizing module 'writeback' [/mnt/Windows/Well/Projects/RV32I/RV32I.srcs/sources_1/imports/src/writeback.v:5]
INFO: [Synth 8-6155] done synthesizing module 'writeback' (0#1) [/mnt/Windows/Well/Projects/RV32I/RV32I.srcs/sources_1/imports/src/writeback.v:5]
INFO: [Synth 8-6157] synthesizing module 'hazard' [/mnt/Windows/Well/Projects/RV32I/RV32I.srcs/sources_1/imports/src/hazard.v:5]
INFO: [Synth 8-6155] done synthesizing module 'hazard' (0#1) [/mnt/Windows/Well/Projects/RV32I/RV32I.srcs/sources_1/imports/src/hazard.v:5]
INFO: [Synth 8-6157] synthesizing module 'icache' [/mnt/Windows/Well/Projects/RV32I/RV32I.srcs/sources_1/imports/src/icache.v:5]
INFO: [Synth 8-6155] done synthesizing module 'icache' (0#1) [/mnt/Windows/Well/Projects/RV32I/RV32I.srcs/sources_1/imports/src/icache.v:5]
INFO: [Synth 8-6157] synthesizing module 'dcache' [/mnt/Windows/Well/Projects/RV32I/RV32I.srcs/sources_1/imports/src/dcache.v:5]
INFO: [Synth 8-6155] done synthesizing module 'dcache' (0#1) [/mnt/Windows/Well/Projects/RV32I/RV32I.srcs/sources_1/imports/src/dcache.v:5]
INFO: [Synth 8-6157] synthesizing module 'top' [/mnt/Windows/Well/Projects/RV32I/RV32I.srcs/sources_1/imports/src/top.v:1]
	Parameter DATA_WIDTH bound to: 8 - type: integer 
	Parameter ADDR_WIDTH bound to: 3 - type: integer 
	Parameter CLK_DIV bound to: 4 - type: integer 
INFO: [Synth 8-6157] synthesizing module 'fifo' [/mnt/Windows/Well/Projects/RV32I/RV32I.srcs/sources_1/imports/src/fifo.v:5]
	Parameter DATA_WIDTH bound to: 8 - type: integer 
	Parameter ADDR_WIDTH bound to: 3 - type: integer 
INFO: [Synth 8-6155] done synthesizing module 'fifo' (0#1) [/mnt/Windows/Well/Projects/RV32I/RV32I.srcs/sources_1/imports/src/fifo.v:5]
INFO: [Synth 8-6157] synthesizing module 'core' [/mnt/Windows/Well/Projects/RV32I/RV32I.srcs/sources_1/imports/src/core.v:6]
	Parameter DATA_WIDTH bound to: 8 - type: integer 
	Parameter CLK_DIV bound to: 4 - type: integer 
INFO: [Synth 8-6155] done synthesizing module 'core' (0#1) [/mnt/Windows/Well/Projects/RV32I/RV32I.srcs/sources_1/imports/src/core.v:6]
INFO: [Synth 8-6155] done synthesizing module 'top' (0#1) [/mnt/Windows/Well/Projects/RV32I/RV32I.srcs/sources_1/imports/src/top.v:1]
INFO: [Synth 8-6155] done synthesizing module 'system' (0#1) [/mnt/Windows/Well/Projects/RV32I/RV32I.srcs/sources_1/imports/src/system.v:6]
WARNING: [Synth 8-7137] Register mem_reg in module fifo has both Set and reset with same priority. This may cause simulation mismatches. Consider rewriting code 
WARNING: [Synth 8-4767] Trying to implement RAM 'mem_reg' in registers. Block RAM or DRAM implementation is not possible; see log for reasons. [/mnt/Windows/Well/Projects/RV32I/RV32I.srcs/sources_1/imports/src/fifo.v:51]
Reason is one or more of the following :
	1: RAM is sensitive to asynchronous reset signal. this RTL style is not supported. 
WARNING: [Synth 8-7129] Port addr[1] in module dcache is either unconnected or has no load
WARNING: [Synth 8-7129] Port addr[0] in module dcache is either unconnected or has no load
WARNING: [Synth 8-7129] Port addr[1] in module icache is either unconnected or has no load
WARNING: [Synth 8-7129] Port addr[0] in module icache is either unconnected or has no load
WARNING: [Synth 8-7129] Port ex_alu_result[31] in module hazard is either unconnected or has no load
WARNING: [Synth 8-7129] Port ex_alu_result[30] in module hazard is either unconnected or has no load
WARNING: [Synth 8-7129] Port ex_alu_result[29] in module hazard is either unconnected or has no load
WARNING: [Synth 8-7129] Port ex_alu_result[28] in module hazard is either unconnected or has no load
WARNING: [Synth 8-7129] Port ex_alu_result[27] in module hazard is either unconnected or has no load
WARNING: [Synth 8-7129] Port ex_alu_result[26] in module hazard is either unconnected or has no load
WARNING: [Synth 8-7129] Port ex_alu_result[25] in module hazard is either unconnected or has no load
WARNING: [Synth 8-7129] Port ex_alu_result[24] in module hazard is either unconnected or has no load
WARNING: [Synth 8-7129] Port ex_alu_result[23] in module hazard is either unconnected or has no load
WARNING: [Synth 8-7129] Port ex_alu_result[22] in module hazard is either unconnected or has no load
WARNING: [Synth 8-7129] Port ex_alu_result[21] in module hazard is either unconnected or has no load
WARNING: [Synth 8-7129] Port ex_alu_result[20] in module hazard is either unconnected or has no load
WARNING: [Synth 8-7129] Port ex_alu_result[19] in module hazard is either unconnected or has no load
WARNING: [Synth 8-7129] Port ex_alu_result[18] in module hazard is either unconnected or has no load
WARNING: [Synth 8-7129] Port ex_alu_result[17] in module hazard is either unconnected or has no load
WARNING: [Synth 8-7129] Port ex_alu_result[16] in module hazard is either unconnected or has no load
WARNING: [Synth 8-7129] Port ex_alu_result[15] in module hazard is either unconnected or has no load
WARNING: [Synth 8-7129] Port ex_alu_result[14] in module hazard is either unconnected or has no load
WARNING: [Synth 8-7129] Port ex_alu_result[13] in module hazard is either unconnected or has no load
WARNING: [Synth 8-7129] Port ex_alu_result[12] in module hazard is either unconnected or has no load
WARNING: [Synth 8-7129] Port ex_alu_result[11] in module hazard is either unconnected or has no load
WARNING: [Synth 8-7129] Port ex_alu_result[10] in module hazard is either unconnected or has no load
WARNING: [Synth 8-7129] Port ex_alu_result[9] in module hazard is either unconnected or has no load
WARNING: [Synth 8-7129] Port ex_alu_result[8] in module hazard is either unconnected or has no load
WARNING: [Synth 8-7129] Port ex_alu_result[7] in module hazard is either unconnected or has no load
WARNING: [Synth 8-7129] Port ex_alu_result[6] in module hazard is either unconnected or has no load
WARNING: [Synth 8-7129] Port ex_alu_result[5] in module hazard is either unconnected or has no load
WARNING: [Synth 8-7129] Port ex_alu_result[4] in module hazard is either unconnected or has no load
WARNING: [Synth 8-7129] Port ex_alu_result[3] in module hazard is either unconnected or has no load
WARNING: [Synth 8-7129] Port ex_alu_result[2] in module hazard is either unconnected or has no load
WARNING: [Synth 8-7129] Port ex_alu_result[1] in module hazard is either unconnected or has no load
WARNING: [Synth 8-7129] Port ex_alu_result[0] in module hazard is either unconnected or has no load
WARNING: [Synth 8-7129] Port rst_n in module regfile is either unconnected or has no load
---------------------------------------------------------------------------------
Finished RTL Elaboration : Time (s): cpu = 00:00:07 ; elapsed = 00:00:08 . Memory (MB): peak = 2772.840 ; gain = 649.000 ; free physical = 822 ; free virtual = 12291
---------------------------------------------------------------------------------
---------------------------------------------------------------------------------
Start Handling Custom Attributes
---------------------------------------------------------------------------------
---------------------------------------------------------------------------------
Finished Handling Custom Attributes : Time (s): cpu = 00:00:08 ; elapsed = 00:00:08 . Memory (MB): peak = 2781.746 ; gain = 657.906 ; free physical = 799 ; free virtual = 12279
---------------------------------------------------------------------------------
---------------------------------------------------------------------------------
Finished RTL Optimization Phase 1 : Time (s): cpu = 00:00:08 ; elapsed = 00:00:08 . Memory (MB): peak = 2781.746 ; gain = 657.906 ; free physical = 799 ; free virtual = 12279
---------------------------------------------------------------------------------
Netlist sorting complete. Time (s): cpu = 00:00:00.02 ; elapsed = 00:00:00.02 . Memory (MB): peak = 2781.746 ; gain = 0.000 ; free physical = 796 ; free virtual = 12283
INFO: [Project 1-570] Preparing netlist for logic optimization

Processing XDC Constraints
Initializing timing engine
Parsing XDC File [/mnt/Windows/Well/Projects/RV32I/RV32I.srcs/constrs_1/new/clk.xdc]
Finished Parsing XDC File [/mnt/Windows/Well/Projects/RV32I/RV32I.srcs/constrs_1/new/clk.xdc]
Completed Processing XDC Constraints

Netlist sorting complete. Time (s): cpu = 00:00:00 ; elapsed = 00:00:00 . Memory (MB): peak = 2894.484 ; gain = 0.000 ; free physical = 776 ; free virtual = 12248
INFO: [Project 1-111] Unisim Transformation Summary:
No Unisim elements were transformed.

Constraint Validation Runtime : Time (s): cpu = 00:00:00.04 ; elapsed = 00:00:00.02 . Memory (MB): peak = 2894.520 ; gain = 0.000 ; free physical = 776 ; free virtual = 12252
---------------------------------------------------------------------------------
Finished Constraint Validation : Time (s): cpu = 00:00:17 ; elapsed = 00:00:17 . Memory (MB): peak = 2894.520 ; gain = 770.680 ; free physical = 766 ; free virtual = 12259
---------------------------------------------------------------------------------
---------------------------------------------------------------------------------
Start Loading Part and Timing Information
---------------------------------------------------------------------------------
Loading part: xc7k325tfbv900-3
---------------------------------------------------------------------------------
Finished Loading Part and Timing Information : Time (s): cpu = 00:00:17 ; elapsed = 00:00:17 . Memory (MB): peak = 2902.488 ; gain = 778.648 ; free physical = 766 ; free virtual = 12259
---------------------------------------------------------------------------------
---------------------------------------------------------------------------------
Start Applying 'set_property' XDC Constraints
---------------------------------------------------------------------------------
---------------------------------------------------------------------------------
Finished applying 'set_property' XDC Constraints : Time (s): cpu = 00:00:17 ; elapsed = 00:00:17 . Memory (MB): peak = 2902.488 ; gain = 778.648 ; free physical = 766 ; free virtual = 12259
---------------------------------------------------------------------------------
INFO: [Synth 8-802] inferred FSM for state register 'state_reg' in module 'icache'
INFO: [Synth 8-802] inferred FSM for state register 'state_reg' in module 'dcache'
INFO: [Synth 8-802] inferred FSM for state register 'state_reg' in module 'core'
---------------------------------------------------------------------------------------------------
                   State |                     New Encoding |                Previous Encoding 
---------------------------------------------------------------------------------------------------
              STATE_IDLE |                              001 |                               00
             STATE_FETCH |                              010 |                               01
             STATE_READY |                              100 |                               10
---------------------------------------------------------------------------------------------------
INFO: [Synth 8-3354] encoded FSM with state register 'state_reg' using encoding 'one-hot' in module 'icache'
---------------------------------------------------------------------------------------------------
                   State |                     New Encoding |                Previous Encoding 
---------------------------------------------------------------------------------------------------
              STATE_IDLE |                              001 |                               00
             STATE_FETCH |                              010 |                               01
             STATE_READY |                              100 |                               10
---------------------------------------------------------------------------------------------------
INFO: [Synth 8-3354] encoded FSM with state register 'state_reg' using encoding 'one-hot' in module 'dcache'
---------------------------------------------------------------------------------------------------
                   State |                     New Encoding |                Previous Encoding 
---------------------------------------------------------------------------------------------------
                    IDLE |                              001 |                               00
                  ACTIVE |                              010 |                               01
                    DONE |                              100 |                               10
---------------------------------------------------------------------------------------------------
INFO: [Synth 8-3354] encoded FSM with state register 'state_reg' using encoding 'one-hot' in module 'core'
---------------------------------------------------------------------------------
Finished RTL Optimization Phase 2 : Time (s): cpu = 00:00:19 ; elapsed = 00:00:20 . Memory (MB): peak = 2902.488 ; gain = 778.648 ; free physical = 763 ; free virtual = 12239
---------------------------------------------------------------------------------
---------------------------------------------------------------------------------
Start RTL Component Statistics 
---------------------------------------------------------------------------------
Detailed RTL Component Info : 
+---Adders : 
	   2 Input   32 Bit       Adders := 5     
	   3 Input   32 Bit       Adders := 1     
	   2 Input    4 Bit       Adders := 3     
	   2 Input    2 Bit       Adders := 1     
+---XORs : 
	   2 Input     32 Bit         XORs := 1     
+---Registers : 
	               32 Bit    Registers := 14    
	               31 Bit    Registers := 1     
	                8 Bit    Registers := 12    
	                5 Bit    Registers := 5     
	                4 Bit    Registers := 4     
	                2 Bit    Registers := 4     
	                1 Bit    Registers := 407   
+---RAMs : 
	              32K Bit	(1024 X 32 bit)          RAMs := 1     
+---ROMs : 
	                    ROMs := 1     
+---Muxes : 
	   2 Input   32 Bit        Muxes := 25    
	   3 Input   32 Bit        Muxes := 3     
	   4 Input   32 Bit        Muxes := 1     
	   2 Input    8 Bit        Muxes := 1     
	   3 Input    8 Bit        Muxes := 1     
	   2 Input    5 Bit        Muxes := 4     
	   3 Input    4 Bit        Muxes := 1     
	   6 Input    3 Bit        Muxes := 2     
	   2 Input    3 Bit        Muxes := 1     
	   3 Input    2 Bit        Muxes := 2     
	   6 Input    2 Bit        Muxes := 1     
	   2 Input    2 Bit        Muxes := 4     
	   2 Input    1 Bit        Muxes := 150   
	   3 Input    1 Bit        Muxes := 149   
---------------------------------------------------------------------------------
Finished RTL Component Statistics 
---------------------------------------------------------------------------------
---------------------------------------------------------------------------------
Start Part Resource Summary
---------------------------------------------------------------------------------
Part Resources:
DSPs: 840 (col length:140)
BRAMs: 890 (col length: RAMB18 140 RAMB36 70)
---------------------------------------------------------------------------------
Finished Part Resource Summary
---------------------------------------------------------------------------------
---------------------------------------------------------------------------------
Start Cross Boundary and Area Optimization
---------------------------------------------------------------------------------
WARNING: [Synth 8-7129] Port addr[1] in module dcache is either unconnected or has no load
WARNING: [Synth 8-7129] Port addr[0] in module dcache is either unconnected or has no load
WARNING: [Synth 8-7129] Port addr[1] in module icache is either unconnected or has no load
WARNING: [Synth 8-7129] Port addr[0] in module icache is either unconnected or has no load
WARNING: [Synth 8-7129] Port ex_alu_result[31] in module hazard is either unconnected or has no load
WARNING: [Synth 8-7129] Port ex_alu_result[30] in module hazard is either unconnected or has no load
WARNING: [Synth 8-7129] Port ex_alu_result[29] in module hazard is either unconnected or has no load
WARNING: [Synth 8-7129] Port ex_alu_result[28] in module hazard is either unconnected or has no load
WARNING: [Synth 8-7129] Port ex_alu_result[27] in module hazard is either unconnected or has no load
WARNING: [Synth 8-7129] Port ex_alu_result[26] in module hazard is either unconnected or has no load
WARNING: [Synth 8-7129] Port ex_alu_result[25] in module hazard is either unconnected or has no load
WARNING: [Synth 8-7129] Port ex_alu_result[24] in module hazard is either unconnected or has no load
WARNING: [Synth 8-7129] Port ex_alu_result[23] in module hazard is either unconnected or has no load
WARNING: [Synth 8-7129] Port ex_alu_result[22] in module hazard is either unconnected or has no load
WARNING: [Synth 8-7129] Port ex_alu_result[21] in module hazard is either unconnected or has no load
WARNING: [Synth 8-7129] Port ex_alu_result[20] in module hazard is either unconnected or has no load
WARNING: [Synth 8-7129] Port ex_alu_result[19] in module hazard is either unconnected or has no load
WARNING: [Synth 8-7129] Port ex_alu_result[18] in module hazard is either unconnected or has no load
WARNING: [Synth 8-7129] Port ex_alu_result[17] in module hazard is either unconnected or has no load
WARNING: [Synth 8-7129] Port ex_alu_result[16] in module hazard is either unconnected or has no load
WARNING: [Synth 8-7129] Port ex_alu_result[15] in module hazard is either unconnected or has no load
WARNING: [Synth 8-7129] Port ex_alu_result[14] in module hazard is either unconnected or has no load
WARNING: [Synth 8-7129] Port ex_alu_result[13] in module hazard is either unconnected or has no load
WARNING: [Synth 8-7129] Port ex_alu_result[12] in module hazard is either unconnected or has no load
WARNING: [Synth 8-7129] Port ex_alu_result[11] in module hazard is either unconnected or has no load
WARNING: [Synth 8-7129] Port ex_alu_result[10] in module hazard is either unconnected or has no load
WARNING: [Synth 8-7129] Port ex_alu_result[9] in module hazard is either unconnected or has no load
WARNING: [Synth 8-7129] Port ex_alu_result[8] in module hazard is either unconnected or has no load
WARNING: [Synth 8-7129] Port ex_alu_result[7] in module hazard is either unconnected or has no load
WARNING: [Synth 8-7129] Port ex_alu_result[6] in module hazard is either unconnected or has no load
WARNING: [Synth 8-7129] Port ex_alu_result[5] in module hazard is either unconnected or has no load
WARNING: [Synth 8-7129] Port ex_alu_result[4] in module hazard is either unconnected or has no load
WARNING: [Synth 8-7129] Port ex_alu_result[3] in module hazard is either unconnected or has no load
WARNING: [Synth 8-7129] Port ex_alu_result[2] in module hazard is either unconnected or has no load
WARNING: [Synth 8-7129] Port ex_alu_result[1] in module hazard is either unconnected or has no load
WARNING: [Synth 8-7129] Port ex_alu_result[0] in module hazard is either unconnected or has no load
WARNING: [Synth 8-7129] Port rst_n in module regfile is either unconnected or has no load
---------------------------------------------------------------------------------
Finished Cross Boundary and Area Optimization : Time (s): cpu = 00:00:33 ; elapsed = 00:00:34 . Memory (MB): peak = 2902.488 ; gain = 778.648 ; free physical = 758 ; free virtual = 12250
---------------------------------------------------------------------------------
---------------------------------------------------------------------------------
Start ROM, RAM, DSP, Shift Register and Retiming Reporting
---------------------------------------------------------------------------------

Block RAM: Preliminary Mapping Report (see note below)
+------------+------------+------------------------+---+---+------------------------+---+---+------------------+--------+--------+
|Module Name | RTL Object | PORT A (Depth x Width) | W | R | PORT B (Depth x Width) | W | R | Ports driving FF | RAMB18 | RAMB36 | 
+------------+------------+------------------------+---+---+------------------------+---+---+------------------+--------+--------+
|u_ram       | dram_reg   | 1 K x 32(READ_FIRST)   | W | R |                        |   |   | Port A           | 0      | 1      | 
+------------+------------+------------------------+---+---+------------------------+---+---+------------------+--------+--------+

Note: The table above is a preliminary report that shows the Block RAMs at the current stage of the synthesis flow. Some Block RAMs may be reimplemented as non Block RAM primitives later in the synthesis flow. Multiple instantiated Block RAMs are reported only once. 

Distributed RAM: Preliminary Mapping Report (see note below)
+------------+-------------------------+----------------+----------------------+-----------------+
|Module Name | RTL Object              | Inference      | Size (Depth x Width) | Primitives      | 
+------------+-------------------------+----------------+----------------------+-----------------+
|u_fetch     | btb_table_reg           | User Attribute | 256 x 32             | RAM64M x 44     | 
|u_fetch     | tag_table_reg           | User Attribute | 256 x 22             | RAM128X1D x 44  | 
|u_fetch     | bht_table_reg           | User Attribute | 256 x 2              | RAM128X1D x 4   | 
|system      | u_regfile/registers_reg | User Attribute | 32 x 32              | RAM32M x 12     | 
|system      | u_icache/tag_array_reg  | User Attribute | 64 x 24              | RAM64X1S x 24   | 
|system      | u_icache/data_array_reg | User Attribute | 64 x 32              | RAM64X1S x 32   | 
|system      | u_dcache/tag_array_reg  | User Attribute | 64 x 24              | RAM64X1S x 24   | 
|system      | u_dcache/data_array_reg | User Attribute | 64 x 32              | RAM64X1S x 32   | 
+------------+-------------------------+----------------+----------------------+-----------------+

Note: The table above is a preliminary report that shows the Distributed RAMs at the current stage of the synthesis flow. Some Distributed RAMs may be reimplemented as non Distributed RAM primitives later in the synthesis flow. Multiple instantiated RAMs are reported only once.
---------------------------------------------------------------------------------
Finished ROM, RAM, DSP, Shift Register and Retiming Reporting
---------------------------------------------------------------------------------
---------------------------------------------------------------------------------
Start Applying XDC Timing Constraints
---------------------------------------------------------------------------------
---------------------------------------------------------------------------------
Finished Applying XDC Timing Constraints : Time (s): cpu = 00:00:39 ; elapsed = 00:00:40 . Memory (MB): peak = 2966.488 ; gain = 842.648 ; free physical = 604 ; free virtual = 12202
---------------------------------------------------------------------------------
---------------------------------------------------------------------------------
Start Timing Optimization
---------------------------------------------------------------------------------
---------------------------------------------------------------------------------
Finished Timing Optimization : Time (s): cpu = 00:01:09 ; elapsed = 00:01:10 . Memory (MB): peak = 3412.012 ; gain = 1288.172 ; free physical = 213 ; free virtual = 11744
---------------------------------------------------------------------------------
---------------------------------------------------------------------------------
Start ROM, RAM, DSP, Shift Register and Retiming Reporting
---------------------------------------------------------------------------------

Block RAM: Final Mapping Report
+------------+------------+------------------------+---+---+------------------------+---+---+------------------+--------+--------+
|Module Name | RTL Object | PORT A (Depth x Width) | W | R | PORT B (Depth x Width) | W | R | Ports driving FF | RAMB18 | RAMB36 | 
+------------+------------+------------------------+---+---+------------------------+---+---+------------------+--------+--------+
|u_ram       | dram_reg   | 1 K x 32(READ_FIRST)   | W | R |                        |   |   | Port A           | 0      | 1      | 
+------------+------------+------------------------+---+---+------------------------+---+---+------------------+--------+--------+


Distributed RAM: Final Mapping Report
+------------+-------------------------+----------------+----------------------+-----------------+
|Module Name | RTL Object              | Inference      | Size (Depth x Width) | Primitives      | 
+------------+-------------------------+----------------+----------------------+-----------------+
|u_fetch     | btb_table_reg           | User Attribute | 256 x 32             | RAM64M x 44     | 
|u_fetch     | tag_table_reg           | User Attribute | 256 x 22             | RAM128X1D x 44  | 
|u_fetch     | bht_table_reg           | User Attribute | 256 x 2              | RAM128X1D x 4   | 
|system      | u_regfile/registers_reg | User Attribute | 32 x 32              | RAM32M x 12     | 
|system      | u_icache/tag_array_reg  | User Attribute | 64 x 24              | RAM64X1S x 24   | 
|system      | u_icache/data_array_reg | User Attribute | 64 x 32              | RAM64X1S x 32   | 
|system      | u_dcache/tag_array_reg  | User Attribute | 64 x 24              | RAM64X1S x 24   | 
|system      | u_dcache/data_array_reg | User Attribute | 64 x 32              | RAM64X1S x 32   | 
+------------+-------------------------+----------------+----------------------+-----------------+

---------------------------------------------------------------------------------
Finished ROM, RAM, DSP, Shift Register and Retiming Reporting
---------------------------------------------------------------------------------
---------------------------------------------------------------------------------
Start Technology Mapping
---------------------------------------------------------------------------------
INFO: [Synth 8-7052] The timing for the instance u_ram/douta_reg (implemented as a Block RAM) might be sub-optimal as no optional output register could be merged into the ram block. Providing additional output register may help in improving timing.
INFO: [Synth 8-7052] The timing for the instance u_ram/dram_reg (implemented as a Block RAM) might be sub-optimal as no optional output register could be merged into the ram block. Providing additional output register may help in improving timing.
---------------------------------------------------------------------------------
Finished Technology Mapping : Time (s): cpu = 00:01:10 ; elapsed = 00:01:11 . Memory (MB): peak = 3412.012 ; gain = 1288.172 ; free physical = 255 ; free virtual = 11737
---------------------------------------------------------------------------------
---------------------------------------------------------------------------------
Start IO Insertion
---------------------------------------------------------------------------------
---------------------------------------------------------------------------------
Start Flattening Before IO Insertion
---------------------------------------------------------------------------------
---------------------------------------------------------------------------------
Finished Flattening Before IO Insertion
---------------------------------------------------------------------------------
---------------------------------------------------------------------------------
Start Final Netlist Cleanup
---------------------------------------------------------------------------------
---------------------------------------------------------------------------------
Finished Final Netlist Cleanup
---------------------------------------------------------------------------------
---------------------------------------------------------------------------------
Finished IO Insertion : Time (s): cpu = 00:01:14 ; elapsed = 00:01:16 . Memory (MB): peak = 3518.824 ; gain = 1394.984 ; free physical = 174 ; free virtual = 11661
---------------------------------------------------------------------------------
---------------------------------------------------------------------------------
Start Renaming Generated Instances
---------------------------------------------------------------------------------
---------------------------------------------------------------------------------
Finished Renaming Generated Instances : Time (s): cpu = 00:01:14 ; elapsed = 00:01:16 . Memory (MB): peak = 3518.824 ; gain = 1394.984 ; free physical = 174 ; free virtual = 11663
---------------------------------------------------------------------------------
---------------------------------------------------------------------------------
Start Rebuilding User Hierarchy
---------------------------------------------------------------------------------
---------------------------------------------------------------------------------
Finished Rebuilding User Hierarchy : Time (s): cpu = 00:01:15 ; elapsed = 00:01:16 . Memory (MB): peak = 3518.824 ; gain = 1394.984 ; free physical = 155 ; free virtual = 11658
---------------------------------------------------------------------------------
---------------------------------------------------------------------------------
Start Renaming Generated Ports
---------------------------------------------------------------------------------
---------------------------------------------------------------------------------
Finished Renaming Generated Ports : Time (s): cpu = 00:01:15 ; elapsed = 00:01:16 . Memory (MB): peak = 3518.824 ; gain = 1394.984 ; free physical = 157 ; free virtual = 11660
---------------------------------------------------------------------------------
---------------------------------------------------------------------------------
Start Handling Custom Attributes
---------------------------------------------------------------------------------
---------------------------------------------------------------------------------
Finished Handling Custom Attributes : Time (s): cpu = 00:01:15 ; elapsed = 00:01:16 . Memory (MB): peak = 3521.793 ; gain = 1397.953 ; free physical = 216 ; free virtual = 11655
---------------------------------------------------------------------------------
---------------------------------------------------------------------------------
Start Renaming Generated Nets
---------------------------------------------------------------------------------
---------------------------------------------------------------------------------
Finished Renaming Generated Nets : Time (s): cpu = 00:01:15 ; elapsed = 00:01:16 . Memory (MB): peak = 3521.793 ; gain = 1397.953 ; free physical = 216 ; free virtual = 11655
---------------------------------------------------------------------------------
---------------------------------------------------------------------------------
Start Writing Synthesis Report
---------------------------------------------------------------------------------

Report BlackBoxes: 
+-+--------------+----------+
| |BlackBox name |Instances |
+-+--------------+----------+
+-+--------------+----------+

Report Cell Usage: 
+------+----------+------+
|      |Cell      |Count |
+------+----------+------+
|1     |BUFG      |     1|
|2     |CARRY4    |    67|
|3     |LUT1      |    12|
|4     |LUT2      |   279|
|5     |LUT3      |    62|
|6     |LUT4      |   281|
|7     |LUT5      |   203|
|8     |LUT6      |   957|
|9     |MUXF7     |    24|
|10    |MUXF8     |     4|
|11    |RAM128X1D |    48|
|12    |RAM32M    |    10|
|13    |RAM32X1D  |     4|
|14    |RAM64M    |    44|
|15    |RAM64X1S  |   112|
|16    |RAMB36E1  |     2|
|18    |FDCE      |   914|
|19    |FDPE      |     7|
|20    |FDRE      |    66|
|21    |IBUF      |     3|
|22    |OBUF      |     3|
+------+----------+------+
---------------------------------------------------------------------------------
Finished Writing Synthesis Report : Time (s): cpu = 00:01:15 ; elapsed = 00:01:16 . Memory (MB): peak = 3521.793 ; gain = 1397.953 ; free physical = 216 ; free virtual = 11655
---------------------------------------------------------------------------------
Synthesis finished with 0 errors, 0 critical warnings and 37 warnings.
Synthesis Optimization Runtime : Time (s): cpu = 00:01:12 ; elapsed = 00:01:13 . Memory (MB): peak = 3521.793 ; gain = 1285.180 ; free physical = 211 ; free virtual = 11656
Synthesis Optimization Complete : Time (s): cpu = 00:01:15 ; elapsed = 00:01:16 . Memory (MB): peak = 3521.801 ; gain = 1397.953 ; free physical = 211 ; free virtual = 11658
INFO: [Project 1-571] Translating synthesized netlist
Netlist sorting complete. Time (s): cpu = 00:00:00.02 ; elapsed = 00:00:00.02 . Memory (MB): peak = 3521.801 ; gain = 0.000 ; free physical = 353 ; free virtual = 11813
INFO: [Netlist 29-17] Analyzing 315 Unisim elements for replacement
INFO: [Netlist 29-28] Unisim Transformation completed in 0 CPU seconds
INFO: [Project 1-570] Preparing netlist for logic optimization
INFO: [Opt 31-138] Pushed 0 inverter(s) to 0 load pin(s).
Netlist sorting complete. Time (s): cpu = 00:00:00 ; elapsed = 00:00:00 . Memory (MB): peak = 3577.820 ; gain = 0.000 ; free physical = 369 ; free virtual = 11808
INFO: [Project 1-111] Unisim Transformation Summary:
  A total of 218 instances were transformed.
  RAM128X1D => RAM128X1D (MUXF7(x2), RAMD64E(x4)): 48 instances
  RAM32M => RAM32M (RAMD32(x6), RAMS32(x2)): 10 instances
  RAM32X1D => RAM32X1D (RAMD32(x2)): 4 instances
  RAM64M => RAM64M (RAMD64E(x4)): 44 instances
  RAM64X1S => RAM64X1S (RAMS64E): 112 instances

Synth Design complete | Checksum: f92ce07a
INFO: [Common 17-83] Releasing license: Vivado_Synthesis
53 Infos, 76 Warnings, 0 Critical Warnings and 0 Errors encountered.
synth_design completed successfully
synth_design: Time (s): cpu = 00:01:28 ; elapsed = 00:01:26 . Memory (MB): peak = 3577.855 ; gain = 1634.578 ; free physical = 343 ; free virtual = 11809
INFO: [Common 17-2834] synth_design peak Physical Memory [PSS] (MB): overall = 2517.854; main = 2400.187; forked = 278.505
INFO: [Common 17-2834] synth_design peak Virtual Memory [VSS] (MB): overall = 5089.051; main = 3577.824; forked = 1677.035
Write ShapeDB Complete: Time (s): cpu = 00:00:00.03 ; elapsed = 00:00:00.01 . Memory (MB): peak = 3601.832 ; gain = 0.000 ; free physical = 339 ; free virtual = 11809
INFO: [Common 17-1381] The checkpoint '/mnt/Windows/Well/Projects/RV32I/RV32I.runs/synth_1/system.dcp' has been generated.
INFO: [Vivado 12-24828] Executing command : report_utilization -file system_utilization_synth.rpt -pb system_utilization_synth.pb
INFO: [Common 17-206] Exiting Vivado at Sun Aug 23 11:24:39 2026...
